MemTotal:       16334144 kB
MemFree:         4029696 kB
Buffers:          312244 kB
Cached:          7488940 kB
SwapCached:         4116 kB
Active:          3271612 kB
Inactive:        6368708 kB
Active(anon):    1211144 kB
Inactive(anon):  2845964 kB
Active(file):    2060468 kB
Inactive(file):  3522744 kB
Unevictable:           0 kB
Mlocked:               0 kB
SwapTotal:       1048568 kB
SwapFree:              0 kB
Dirty:                92 kB
Writeback:             0 kB
AnonPages:       1835364 kB
Mapped:           268256 kB
Shmem:           2217968 kB
Slab:            2406528 kB
SReclaimable:    2070860 kB
SUnreclaim:       335668 kB
KernelStack:        6736 kB
PageTables:       104500 kB
NFS_Unstable:        160 kB
Bounce:                0 kB
WritebackTmp:          0 kB
CommitLimit:     9215640 kB
Committed_AS:    7714256 kB
VmallocTotal:   34359738367 kB
VmallocUsed:      322596 kB
VmallocChunk:   34359343128 kB
HardwareCorrupted:     0 kB
AnonHugePages:    192512 kB
HugePages_Total:       0
HugePages_Free:        0
HugePages_Rsvd:        0
HugePages_Surp:        0
Hugepagesize:       2048 kB
DirectMap4k:       10240 kB
DirectMap2M:    16766976 kB
